[unisat.io/index.html]
[backblue.gif]
[fade.gif]
[index.html]
[next-cdn.unisat.io/_/304/_next/static/css/79ebc5af12256d69.css]
[next-cdn.unisat.io/_/304/_next/static/css/a04c3b7eb9d41f57.css]
[next-cdn.unisat.io/_/304/_next/static/chunks/polyfills-c67a75d1b6f99dc8.js]
[next-cdn.unisat.io/_/304/_next/static/chunks/webpack-167804251c8da866.js]
[next-cdn.unisat.io/_/304/_next/static/chunks/framework-ce84985cd166733a.js]
[next-cdn.unisat.io/_/304/_next/static/chunks/main-45b6fe0c5c2d41a4.js]
[next-cdn.unisat.io/_/304/_next/static/chunks/pages/_app-ffab532970c05a2a.js]
[next-cdn.unisat.io/_/304/_next/static/chunks/3791-d31086d2a9982969.js]
[next-cdn.unisat.io/_/304/_next/static/chunks/1980-f8d6d206bb5d129e.js]
[next-cdn.unisat.io/_/304/_next/static/chunks/2783-22fb47f352352721.js]
[next-cdn.unisat.io/_/304/_next/static/chunks/8791-5a312d702ec6358d.js]
[next-cdn.unisat.io/_/304/_next/static/chunks/2398-0c4b3c264a68b13a.js]
[next-cdn.unisat.io/_/304/_next/static/chunks/7364-b099bcbb744841fd.js]
[next-cdn.unisat.io/_/304/_next/static/chunks/2327-b62416db87039b56.js]
[next-cdn.unisat.io/_/304/_next/static/chunks/2979-1de848a5664b3b49.js]
[next-cdn.unisat.io/_/304/_next/static/chunks/7221-4e55a909cb16153f.js]
[next-cdn.unisat.io/_/304/_next/static/chunks/4627-4307a4c2b0537c98.js]
[next-cdn.unisat.io/_/304/_next/static/chunks/4850-7403b846362ab98c.js]
[next-cdn.unisat.io/_/304/_next/static/chunks/2518-cc493489a4f1ff88.js]
[next-cdn.unisat.io/_/304/_next/static/chunks/9959-daf68524bf48eec5.js]
[next-cdn.unisat.io/_/304/_next/static/chunks/pages/index-80b23dd809f7040b.js]
[next-cdn.unisat.io/_/304/_next/static/50SE6cr8dneraN35_6rkt/_buildManifest.js]
[next-cdn.unisat.io/_/304/_next/static/50SE6cr8dneraN35_6rkt/_ssgManifest.js]
[unisat.io/download.html]
[unisat.io/inscribe.html]
[unisat.io/search.html]
[unisat.io/brc20.html]
[unisat.io/market.html]
[unisat.io/plans.html]
[next-cdn.unisat.io/_/304/img/home-app.png]
[next-cdn.unisat.io/_/304/img/home-services-item-bg.png]
[next-cdn.unisat.io/_/304/img/partner/develop/Bybit.png]
[next-cdn.unisat.io/_/304/img/partner/HTX.png]
[next-cdn.unisat.io/_/304/img/partner/id-club.png]
[next-cdn.unisat.io/_/304/img/partner/Leather.png]
[next-cdn.unisat.io/_/304/img/partner/Magic Eden.png]
[next-cdn.unisat.io/_/304/img/partner/mixpay.png]
[next-cdn.unisat.io/_/304/img/partner/moonpay.png]
[next-cdn.unisat.io/_/304/img/partner/OKX.png]
[next-cdn.unisat.io/_/304/img/partner/OpenOrdex.png]
[next-cdn.unisat.io/_/304/img/partner/Ordinals Market.png]
[next-cdn.unisat.io/_/304/img/partner/Ordinalscan.png]
[next-cdn.unisat.io/_/304/img/partner/ORDX.png]
[next-cdn.unisat.io/_/304/img/partner/Ordyssey.png]
[next-cdn.unisat.io/_/304/img/partner/Ordz Games.png]
[next-cdn.unisat.io/_/304/img/partner/Oxalus.png]
[next-cdn.unisat.io/_/304/img/partner/Tele Ordinal.png]
[next-cdn.unisat.io/_/304/img/partner/Token Pocket.png]
[next-cdn.unisat.io/_/304/img/partner/awakening.png]
[next-cdn.unisat.io/_/304/img/partner/Xverse.png]
[unisat.io/privacy-policy.html]
[unisat.io/index.html]
[next-cdn.unisat.io/_/304/_next/static/css/79ebc5af12256d69.css]
[next-cdn.unisat.io/_/304/_next/static/css/a04c3b7eb9d41f57.css]
[unisat.io/terms-of-service.html]
[next-cdn.unisat.io/_/304/_next/static/chunks/pages/download-4e561c5df731bd8f.js]
[next-cdn.unisat.io/_/304/img/download.png]
[next-cdn.unisat.io/_/304/img/safe.png]
[next-cdn.unisat.io/_/304/img/download-bottom-1.png]
[next-cdn.unisat.io/_/304/img/download-bottom-2.png]
[next-cdn.unisat.io/_/304/img/download-bottom-3.png]
[unisat.io/download.html]
[next-cdn.unisat.io/_/304/_next/static/chunks/pages/inscribe-fd4fee9626cc8c1b.js]
[unisat.io/inscribe.html]
[next-cdn.unisat.io/_/304/_next/static/chunks/pages/search-94bc15ba3439c826.js]
[unisat.io/search.html]
[next-cdn.unisat.io/_/304/_next/static/chunks/4960-3063455e4cf6ec87.js]
[next-cdn.unisat.io/_/304/_next/static/chunks/pages/brc20-95f7c9f11de3aa15.js]
[unisat.io/brc20.html]
[next-cdn.unisat.io/_/304/_next/static/chunks/pages/market-82b116b1283d7ebc.js]
[unisat.io/market.html]
[next-cdn.unisat.io/_/304/_next/static/chunks/pages/plans-f009d88bb7664dad.js]
[next-cdn.unisat.io/_/304/img/api-service.png]
[unisat.io/cdn-cgi/l/email-protection.html]
[next-cdn.unisat.io/_/304/img/plans-banner-ele-left.png]
[next-cdn.unisat.io/_/304/img/plans-banner-ele-right.png]
[next-cdn.unisat.io/_/304/img/excellence-rocket.png]
[unisat.io/plans.html]
[unisat.io/privacy-policy.html]
[unisat.io/terms-of-service.html]
[unisat.io/cdn-cgi/l/email-protection.html]
[unisat.io/cdn-cgi/scripts/5c5dd728/cloudflare-static/email-decode.min.js]
